Copyright 1986-2022 Xilinx, Inc. All Rights Reserved. Copyright 2022-2025 Advanced Micro Devices, Inc. All Rights Reserved.
---------------------------------------------------------------------------------------------------------------------------------------------
| Tool Version : Vivado v.2025.2 (win64) Build 6299465 Fri Nov 14 19:35:11 GMT 2025
| Date         : Fri Jul 24 12:37:22 2026
| Host         : DESKTOP-7BT5UJR running 64-bit major release  (build 9200)
| Command      : report_control_sets -verbose -file main_control_sets_placed.rpt
| Design       : main
| Device       : xc7a100t
---------------------------------------------------------------------------------------------------------------------------------------------

Control Set Information

Table of Contents
-----------------
1. Summary
2. Histogram
3. Flip-Flop Distribution
4. Detailed Control Set Information

1. Summary
----------

+----------------------------------------------------------+-------+
|                          Status                          | Count |
+----------------------------------------------------------+-------+
| Total control sets                                       |     6 |
|    Minimum number of control sets                        |     6 |
|    Addition due to synthesis replication                 |     0 |
|    Addition due to physical synthesis replication        |     0 |
| Unused register locations in slices containing registers |    11 |
+----------------------------------------------------------+-------+
* Control sets can be merged at opt_design using control_set_merge or merge_equivalent_drivers
** Run report_qor_suggestions for automated merging and remapping suggestions


2. Histogram
------------

+--------------------+-------+
|       Fanout       | Count |
+--------------------+-------+
| Total control sets |     6 |
| >= 0 to < 4        |     0 |
| >= 4 to < 6        |     2 |
| >= 6 to < 8        |     0 |
| >= 8 to < 10       |     0 |
| >= 10 to < 12      |     0 |
| >= 12 to < 14      |     0 |
| >= 14 to < 16      |     2 |
| >= 16              |     2 |
+--------------------+-------+
* Control sets can be remapped at either synth_design or opt_design


3. Flip-Flop Distribution
-------------------------

+--------------+-----------------------+------------------------+-----------------+--------------+
| Clock Enable | Synchronous Set/Reset | Asynchronous Set/Reset | Total Registers | Total Slices |
+--------------+-----------------------+------------------------+-----------------+--------------+
| No           | No                    | No                     |               8 |            7 |
| No           | No                    | Yes                    |              16 |            4 |
| No           | Yes                   | No                     |              29 |            8 |
| Yes          | No                    | No                     |              16 |            6 |
| Yes          | No                    | Yes                    |               0 |            0 |
| Yes          | Yes                   | No                     |               0 |            0 |
+--------------+-----------------------+------------------------+-----------------+--------------+


4. Detailed Control Set Information
-----------------------------------

+----------------+---------------------------------------------------+------------------------------------------+------------------+----------------+--------------+
|  Clock Signal  |                   Enable Signal                   |             Set/Reset Signal             | Slice Load Count | Bel Load Count | Bels / Slice |
+----------------+---------------------------------------------------+------------------------------------------+------------------+----------------+--------------+
|  fsm_clk_BUFG  |                                                   |                                          |                4 |              4 |         1.00 |
|  clk_IBUF_BUFG |                                                   |                                          |                3 |              4 |         1.33 |
|  clk_IBUF_BUFG |                                                   | u_display/scan_cnt[0]_i_1_n_0            |                4 |             14 |         3.50 |
|  clk_IBUF_BUFG |                                                   | fsm_div[0]_i_1_n_0                       |                4 |             15 |         3.75 |
|  fsm_clk_BUFG  |                                                   | u_fsm/74161_i4/DIG_D_FF_AS_Nbit_i2/AR[0] |                4 |             16 |         4.00 |
|  fsm_clk_BUFG  | u_fsm/74161_i4/DIG_D_FF_AS_Nbit_i2/state_reg[3]_0 |                                          |                6 |             16 |         2.67 |
+----------------+---------------------------------------------------+------------------------------------------+------------------+----------------+--------------+


