#-----------------------------------------------------------
# Vivado v2025.2 (64-bit)
# SW Build 6299465 on Fri Nov 14 19:35:11 GMT 2025
# IP Build 6300035 on Fri Nov 14 10:48:45 MST 2025
# SharedData Build 6298862 on Thu Nov 13 04:50:51 MST 2025
# Start of session at: Fri Jul 24 10:39:03 2026
# Process ID         : 22232
# Current directory  : C:/Users/Tyrone/OneDrive/Documents/GitHub/tomato/hardware/fpga/hex_display/hex_display.runs/impl_1
# Command line       : vivado.exe -log hex_seg.vdi -applog -product Vivado -messageDb vivado.pb -mode batch -source hex_seg.tcl -notrace
# Log file           : C:/Users/Tyrone/OneDrive/Documents/GitHub/tomato/hardware/fpga/hex_display/hex_display.runs/impl_1/hex_seg.vdi
# Journal file       : C:/Users/Tyrone/OneDrive/Documents/GitHub/tomato/hardware/fpga/hex_display/hex_display.runs/impl_1\vivado.jou
# Running On         : DESKTOP-7BT5UJR
# Platform           : Windows Server 2016 or Windows 10
# Operating System   : 26200
# Processor Detail   : Intel(R) Core(TM) i5-8265U CPU @ 1.60GHz
# CPU Frequency      : 1800 MHz
# CPU Physical cores : 4
# CPU Logical cores  : 8
# Host memory        : 12681 MB
# Swap memory        : 27917 MB
# Total Virtual      : 40599 MB
# Available Virtual  : 17510 MB
#-----------------------------------------------------------
source hex_seg.tcl -notrace
