#-----------------------------------------------------------
# Vivado v2025.2 (64-bit)
# SW Build 6299465 on Fri Nov 14 19:35:11 GMT 2025
# IP Build 6300035 on Fri Nov 14 10:48:45 MST 2025
# SharedData Build 6298862 on Thu Nov 13 04:50:51 MST 2025
# Start of session at: Fri Jul 24 12:33:46 2026
# Process ID         : 19728
# Current directory  : C:/Users/Tyrone/OneDrive/Documents/GitHub/tomato/hardware/fpga/fsm/fsm.runs/synth_1
# Command line       : vivado.exe -log main.vds -product Vivado -mode batch -messageDb vivado.pb -notrace -source main.tcl
# Log file           : C:/Users/Tyrone/OneDrive/Documents/GitHub/tomato/hardware/fpga/fsm/fsm.runs/synth_1/main.vds
# Journal file       : C:/Users/Tyrone/OneDrive/Documents/GitHub/tomato/hardware/fpga/fsm/fsm.runs/synth_1\vivado.jou
# Running On         : DESKTOP-7BT5UJR
# Platform           : Windows Server 2016 or Windows 10
# Operating System   : 26200
# Processor Detail   : Intel(R) Core(TM) i5-8265U CPU @ 1.60GHz
# CPU Frequency      : 1800 MHz
# CPU Physical cores : 4
# CPU Logical cores  : 8
# Host memory        : 12681 MB
# Swap memory        : 27917 MB
# Total Virtual      : 40599 MB
# Available Virtual  : 18737 MB
#-----------------------------------------------------------
source main.tcl -notrace
